Archive member included to satisfy reference by file (symbol)

/opt/Atollic_TrueSTUDIO_for_STM32_x86_64_9.0.1/ARMTools/bin/../lib/gcc/arm-atollic-eabi/6.3.1/../../../../arm-atollic-eabi/lib/armv7-m/libc_nano.a(lib_a-init.o)
                              startup/startup_stm32f103xb.o (__libc_init_array)
/opt/Atollic_TrueSTUDIO_for_STM32_x86_64_9.0.1/ARMTools/bin/../lib/gcc/arm-atollic-eabi/6.3.1/../../../../arm-atollic-eabi/lib/armv7-m/libc_nano.a(lib_a-memset.o)
                              Drivers/STM32F1xx_HAL_Driver/Src/stm32f1xx_hal_rcc.o (memset)
/opt/Atollic_TrueSTUDIO_for_STM32_x86_64_9.0.1/ARMTools/bin/../lib/gcc/arm-atollic-eabi/6.3.1/armv7-m/libgcc.a(_lshrdi3.o)
                              Drivers/STM32F1xx_HAL_Driver/Src/stm32f1xx_hal_flash.o (__aeabi_llsr)

Allocating common symbols
Common symbol       size              file

hUsbDeviceFS        0x224             Src/usb_device.o
adcBuffer           0x24              Src/main.o
uwTick              0x4               Drivers/STM32F1xx_HAL_Driver/Src/stm32f1xx_hal.o
pFlash              0x20              Drivers/STM32F1xx_HAL_Driver/Src/stm32f1xx_hal_flash.o
UserRxBufferFS      0x3e8             Src/usbd_cdc_if.o
htim3               0x40              Src/main.o
hadc1               0x30              Src/main.o
usbBuffer           0xa4              Src/main.o
UserTxBufferFS      0x3e8             Src/usbd_cdc_if.o
hdma_adc1           0x44              Src/main.o
hpcd_USB_FS         0x460             Src/usbd_conf.o
USBD_StrDesc        0x200             Src/usbd_desc.o

Discarded input sections

 .text          0x0000000000000000        0x0 /opt/Atollic_TrueSTUDIO_for_STM32_x86_64_9.0.1/ARMTools/bin/../lib/gcc/arm-atollic-eabi/6.3.1/armv7-m/crti.o
 .data          0x0000000000000000        0x0 /opt/Atollic_TrueSTUDIO_for_STM32_x86_64_9.0.1/ARMTools/bin/../lib/gcc/arm-atollic-eabi/6.3.1/armv7-m/crti.o
 .bss           0x0000000000000000        0x0 /opt/Atollic_TrueSTUDIO_for_STM32_x86_64_9.0.1/ARMTools/bin/../lib/gcc/arm-atollic-eabi/6.3.1/armv7-m/crti.o
 .data          0x0000000000000000        0x4 /opt/Atollic_TrueSTUDIO_for_STM32_x86_64_9.0.1/ARMTools/bin/../lib/gcc/arm-atollic-eabi/6.3.1/armv7-m/crtbegin.o
 .text          0x0000000000000000        0x0 Drivers/STM32F1xx_HAL_Driver/Src/stm32f1xx_hal.o
 .data          0x0000000000000000        0x0 Drivers/STM32F1xx_HAL_Driver/Src/stm32f1xx_hal.o
 .bss           0x0000000000000000        0x0 Drivers/STM32F1xx_HAL_Driver/Src/stm32f1xx_hal.o
 .text.HAL_MspInit
                0x0000000000000000        0x2 Drivers/STM32F1xx_HAL_Driver/Src/stm32f1xx_hal.o
 .text.HAL_MspDeInit
                0x0000000000000000        0x2 Drivers/STM32F1xx_HAL_Driver/Src/stm32f1xx_hal.o
 .text.HAL_DeInit
                0x0000000000000000       0x20 Drivers/STM32F1xx_HAL_Driver/Src/stm32f1xx_hal.o
 .text.HAL_GetTickPrio
                0x0000000000000000        0xc Drivers/STM32F1xx_HAL_Driver/Src/stm32f1xx_hal.o
 .text.HAL_SetTickFreq
                0x0000000000000000       0x24 Drivers/STM32F1xx_HAL_Driver/Src/stm32f1xx_hal.o
 .text.HAL_GetTickFreq
                0x0000000000000000        0xc Drivers/STM32F1xx_HAL_Driver/Src/stm32f1xx_hal.o
 .text.HAL_Delay
                0x0000000000000000       0x24 Drivers/STM32F1xx_HAL_Driver/Src/stm32f1xx_hal.o
 .text.HAL_SuspendTick
                0x0000000000000000       0x10 Drivers/STM32F1xx_HAL_Driver/Src/stm32f1xx_hal.o
 .text.HAL_ResumeTick
                0x0000000000000000       0x10 Drivers/STM32F1xx_HAL_Driver/Src/stm32f1xx_hal.o
 .text.HAL_GetHalVersion
                0x0000000000000000        0x8 Drivers/STM32F1xx_HAL_Driver/Src/stm32f1xx_hal.o
 .text.HAL_GetREVID
                0x0000000000000000        0xc Drivers/STM32F1xx_HAL_Driver/Src/stm32f1xx_hal.o
 .text.HAL_GetDEVID
                0x0000000000000000       0x10 Drivers/STM32F1xx_HAL_Driver/Src/stm32f1xx_hal.o
 .text.HAL_DBGMCU_EnableDBGSleepMode
                0x0000000000000000       0x10 Drivers/STM32F1xx_HAL_Driver/Src/stm32f1xx_hal.o
 .text.HAL_DBGMCU_DisableDBGSleepMode
                0x0000000000000000       0x10 Drivers/STM32F1xx_HAL_Driver/Src/stm32f1xx_hal.o
 .text.HAL_DBGMCU_EnableDBGStopMode
                0x0000000000000000       0x10 Drivers/STM32F1xx_HAL_Driver/Src/stm32f1xx_hal.o
 .text.HAL_DBGMCU_DisableDBGStopMode
                0x0000000000000000       0x10 Drivers/STM32F1xx_HAL_Driver/Src/stm32f1xx_hal.o
 .text.HAL_DBGMCU_EnableDBGStandbyMode
                0x0000000000000000       0x10 Drivers/STM32F1xx_HAL_Driver/Src/stm32f1xx_hal.o
 .text.HAL_DBGMCU_DisableDBGStandbyMode
                0x0000000000000000       0x10 Drivers/STM32F1xx_HAL_Driver/Src/stm32f1xx_hal.o
 .text.HAL_GetUID
                0x0000000000000000       0x20 Drivers/STM32F1xx_HAL_Driver/Src/stm32f1xx_hal.o
 .text          0x0000000000000000        0x0 Drivers/STM32F1xx_HAL_Driver/Src/stm32f1xx_hal_adc.o
 .data          0x0000000000000000        0x0 Drivers/STM32F1xx_HAL_Driver/Src/stm32f1xx_hal_adc.o
[...]
Memory Configuration

Name             Origin             Length             Attributes
RAM              0x0000000020000000 0x0000000000005000 xrw
FLASH            0x0000000008000000 0x0000000000010000 xr
*default*        0x0000000000000000 0xffffffffffffffff

Linker script and memory map

LOAD /opt/Atollic_TrueSTUDIO_for_STM32_x86_64_9.0.1/ARMTools/bin/../lib/gcc/arm-atollic-eabi/6.3.1/armv7-m/crti.o
LOAD /opt/Atollic_TrueSTUDIO_for_STM32_x86_64_9.0.1/ARMTools/bin/../lib/gcc/arm-atollic-eabi/6.3.1/armv7-m/crtbegin.o
LOAD Drivers/STM32F1xx_HAL_Driver/Src/stm32f1xx_hal.o
LOAD Drivers/STM32F1xx_HAL_Driver/Src/stm32f1xx_hal_adc.o
LOAD Drivers/STM32F1xx_HAL_Driver/Src/stm32f1xx_hal_adc_ex.o
LOAD Drivers/STM32F1xx_HAL_Driver/Src/stm32f1xx_hal_cortex.o
LOAD Drivers/STM32F1xx_HAL_Driver/Src/stm32f1xx_hal_dma.o
LOAD Drivers/STM32F1xx_HAL_Driver/Src/stm32f1xx_hal_flash.o
LOAD Drivers/STM32F1xx_HAL_Driver/Src/stm32f1xx_hal_flash_ex.o
LOAD Drivers/STM32F1xx_HAL_Driver/Src/stm32f1xx_hal_gpio.o
LOAD Drivers/STM32F1xx_HAL_Driver/Src/stm32f1xx_hal_gpio_ex.o
LOAD Drivers/STM32F1xx_HAL_Driver/Src/stm32f1xx_hal_pcd.o
LOAD Drivers/STM32F1xx_HAL_Driver/Src/stm32f1xx_hal_pcd_ex.o
LOAD Drivers/STM32F1xx_HAL_Driver/Src/stm32f1xx_hal_pwr.o
LOAD Drivers/STM32F1xx_HAL_Driver/Src/stm32f1xx_hal_rcc.o
LOAD Drivers/STM32F1xx_HAL_Driver/Src/stm32f1xx_hal_rcc_ex.o
LOAD Drivers/STM32F1xx_HAL_Driver/Src/stm32f1xx_hal_tim.o
LOAD Drivers/STM32F1xx_HAL_Driver/Src/stm32f1xx_hal_tim_ex.o
LOAD Drivers/STM32F1xx_HAL_Driver/Src/stm32f1xx_ll_usb.o
LOAD Middlewares/ST/STM32_USB_Device_Library/Class/CDC/Src/usbd_cdc.o
LOAD Middlewares/ST/STM32_USB_Device_Library/Core/Src/usbd_core.o
LOAD Middlewares/ST/STM32_USB_Device_Library/Core/Src/usbd_ctlreq.o
LOAD Middlewares/ST/STM32_USB_Device_Library/Core/Src/usbd_ioreq.o
LOAD Src/main.o
LOAD Src/stm32f1xx_hal_msp.o
LOAD Src/stm32f1xx_it.o
LOAD Src/system_stm32f1xx.o
LOAD Src/tb_adc_read.o
LOAD Src/usb_device.o
LOAD Src/usbd_cdc_if.o
LOAD Src/usbd_conf.o
LOAD Src/usbd_desc.o
LOAD startup/startup_stm32f103xb.o
                0x0000000000000080                malloc_getpagesize_P = 0x80
START GROUP
LOAD /opt/Atollic_TrueSTUDIO_for_STM32_x86_64_9.0.1/ARMTools/bin/../lib/gcc/arm-atollic-eabi/6.3.1/../../../../arm-atollic-eabi/lib/armv7-m/libc_nano.a
LOAD /opt/Atollic_TrueSTUDIO_for_STM32_x86_64_9.0.1/ARMTools/bin/../lib/gcc/arm-atollic-eabi/6.3.1/../../../../arm-atollic-eabi/lib/armv7-m/libm.a
END GROUP
START GROUP
LOAD /opt/Atollic_TrueSTUDIO_for_STM32_x86_64_9.0.1/ARMTools/bin/../lib/gcc/arm-atollic-eabi/6.3.1/armv7-m/libgcc.a
LOAD /opt/Atollic_TrueSTUDIO_for_STM32_x86_64_9.0.1/ARMTools/bin/../lib/gcc/arm-atollic-eabi/6.3.1/../../../../arm-atollic-eabi/lib/armv7-m/libc_nano.a
END GROUP
START GROUP
LOAD /opt/Atollic_TrueSTUDIO_for_STM32_x86_64_9.0.1/ARMTools/bin/../lib/gcc/arm-atollic-eabi/6.3.1/armv7-m/libgcc.a
LOAD /opt/Atollic_TrueSTUDIO_for_STM32_x86_64_9.0.1/ARMTools/bin/../lib/gcc/arm-atollic-eabi/6.3.1/../../../../arm-atollic-eabi/lib/armv7-m/libc_nano.a
LOAD /opt/Atollic_TrueSTUDIO_for_STM32_x86_64_9.0.1/ARMTools/bin/../lib/gcc/arm-atollic-eabi/6.3.1/../../../../arm-atollic-eabi/lib/armv7-m/libnosys.a
END GROUP
START GROUP
LOAD /opt/Atollic_TrueSTUDIO_for_STM32_x86_64_9.0.1/ARMTools/bin/../lib/gcc/arm-atollic-eabi/6.3.1/armv7-m/libgcc.a
LOAD /opt/Atollic_TrueSTUDIO_for_STM32_x86_64_9.0.1/ARMTools/bin/../lib/gcc/arm-atollic-eabi/6.3.1/../../../../arm-atollic-eabi/lib/armv7-m/libc_nano.a
LOAD /opt/Atollic_TrueSTUDIO_for_STM32_x86_64_9.0.1/ARMTools/bin/../lib/gcc/arm-atollic-eabi/6.3.1/../../../../arm-atollic-eabi/lib/armv7-m/libnosys.a
END GROUP
LOAD /opt/Atollic_TrueSTUDIO_for_STM32_x86_64_9.0.1/ARMTools/bin/../lib/gcc/arm-atollic-eabi/6.3.1/armv7-m/crtend.o
LOAD /opt/Atollic_TrueSTUDIO_for_STM32_x86_64_9.0.1/ARMTools/bin/../lib/gcc/arm-atollic-eabi/6.3.1/armv7-m/crtn.o
                0x0000000020005000                _estack = 0x20005000
                0x0000000000000200                _Min_Heap_Size = 0x200
                0x0000000000000400                _Min_Stack_Size = 0x400

.isr_vector     0x0000000008000000      0x10c
                0x0000000008000000                . = ALIGN (0x4)
 *(.isr_vector)
 .isr_vector    0x0000000008000000      0x10c startup/startup_stm32f103xb.o
                0x0000000008000000                g_pfnVectors
                0x000000000800010c                . = ALIGN (0x4)

.text           0x000000000800010c     0x3748
                0x000000000800010c                . = ALIGN (0x4)
 *(.text)
 .text          0x000000000800010c       0x40 /opt/Atollic_TrueSTUDIO_for_STM32_x86_64_9.0.1/ARMTools/bin/../lib/gcc/arm-atollic-eabi/6.3.1/armv7-m/crtbegin.o
 *(.text*)
 .text.HAL_InitTick
                0x000000000800014c       0x48 Drivers/STM32F1xx_HAL_Driver/Src/stm32f1xx_hal.o
                0x000000000800014c                HAL_InitTick
 .text.HAL_Init
                0x0000000008000194       0x24 Drivers/STM32F1xx_HAL_Driver/Src/stm32f1xx_hal.o
                0x0000000008000194                HAL_Init
 .text.HAL_IncTick
                0x00000000080001b8       0x18 Drivers/STM32F1xx_HAL_Driver/Src/stm32f1xx_hal.o
                0x00000000080001b8                HAL_IncTick
 .text.HAL_GetTick
                0x00000000080001d0        0xc Drivers/STM32F1xx_HAL_Driver/Src/stm32f1xx_hal.o
                0x00000000080001d0                HAL_GetTick
 .text.HAL_ADC_ConvCpltCallback
                0x00000000080001dc        0x2 Drivers/STM32F1xx_HAL_Driver/Src/stm32f1xx_hal_adc.o
                0x00000000080001dc                HAL_ADC_ConvCpltCallback
 .text.ADC_DMAConvCplt
                0x00000000080001de       0x4e Drivers/STM32F1xx_HAL_Driver/Src/stm32f1xx_hal_adc.o
                0x00000000080001de                ADC_DMAConvCplt
 .text.HAL_ADC_ConvHalfCpltCallback
                0x000000000800022c        0x2 Drivers/STM32F1xx_HAL_Driver/Src/stm32f1xx_hal_adc.o
                0x000000000800022c                HAL_ADC_ConvHalfCpltCallback
 .text.ADC_DMAHalfConvCplt
                0x000000000800022e        0xa Drivers/STM32F1xx_HAL_Driver/Src/stm32f1xx_hal_adc.o
                0x000000000800022e                ADC_DMAHalfConvCplt
 .text.HAL_ADC_ErrorCallback
                0x0000000008000238        0x2 Drivers/STM32F1xx_HAL_Driver/Src/stm32f1xx_hal_adc.o
                0x0000000008000238                HAL_ADC_ErrorCallback
 .text.ADC_DMAError
                0x000000000800023a       0x1a Drivers/STM32F1xx_HAL_Driver/Src/stm32f1xx_hal_adc.o
                0x000000000800023a                ADC_DMAError
 .text.HAL_ADC_ConfigChannel
                0x0000000008000254      0x108 Drivers/STM32F1xx_HAL_Driver/Src/stm32f1xx_hal_adc.o
                0x0000000008000254                HAL_ADC_ConfigChannel
 .text.ADC_Enable
                0x000000000800035c       0x70 Drivers/STM32F1xx_HAL_Driver/Src/stm32f1xx_hal_adc.o
                0x000000000800035c                ADC_Enable
 .text.HAL_ADC_Start_DMA
                0x00000000080003cc      0x11c Drivers/STM32F1xx_HAL_Driver/Src/stm32f1xx_hal_adc.o
                0x00000000080003cc                HAL_ADC_Start_DMA
 .text.ADC_ConversionStop_Disable
                0x00000000080004e8       0x44 Drivers/STM32F1xx_HAL_Driver/Src/stm32f1xx_hal_adc.o
                0x00000000080004e8                ADC_ConversionStop_Disable
 .text.HAL_ADC_Init
                0x000000000800052c      0x100 Drivers/STM32F1xx_HAL_Driver/Src/stm32f1xx_hal_adc.o
                0x000000000800052c                HAL_ADC_Init
 .text.HAL_NVIC_SetPriorityGrouping
                0x000000000800062c       0x24 Drivers/STM32F1xx_HAL_Driver/Src/stm32f1xx_hal_cortex.o
                0x000000000800062c                HAL_NVIC_SetPriorityGrouping
 .text.HAL_NVIC_SetPriority
                0x0000000008000650       0x68 Drivers/STM32F1xx_HAL_Driver/Src/stm32f1xx_hal_cortex.o
                0x0000000008000650                HAL_NVIC_SetPriority
 .text.HAL_NVIC_EnableIRQ
                0x00000000080006b8       0x18 Drivers/STM32F1xx_HAL_Driver/Src/stm32f1xx_hal_cortex.o
                0x00000000080006b8                HAL_NVIC_EnableIRQ
 .text.HAL_SYSTICK_Config
                0x00000000080006d0       0x2c Drivers/STM32F1xx_HAL_Driver/Src/stm32f1xx_hal_cortex.o
                0x00000000080006d0                HAL_SYSTICK_Config
 .text.HAL_SYSTICK_CLKSourceConfig
                0x00000000080006fc       0x18 Drivers/STM32F1xx_HAL_Driver/Src/stm32f1xx_hal_cortex.o
                0x00000000080006fc                HAL_SYSTICK_CLKSourceConfig
 .text.HAL_SYSTICK_Callback
                0x0000000008000714        0x2 Drivers/STM32F1xx_HAL_Driver/Src/stm32f1xx_hal_cortex.o
                0x0000000008000714                HAL_SYSTICK_Callback
 .text.HAL_SYSTICK_IRQHandler
                0x0000000008000716        0x8 Drivers/STM32F1xx_HAL_Driver/Src/stm32f1xx_hal_cortex.o
                0x0000000008000716                HAL_SYSTICK_IRQHandler
 *fill*         0x000000000800071e        0x2 
 .text.HAL_DMA_Init
                0x0000000008000720       0x68 Drivers/STM32F1xx_HAL_Driver/Src/stm32f1xx_hal_dma.o
                0x0000000008000720                HAL_DMA_Init
 .text.HAL_DMA_Start_IT
                0x0000000008000788       0x7a Drivers/STM32F1xx_HAL_Driver/Src/stm32f1xx_hal_dma.o
                0x0000000008000788                HAL_DMA_Start_IT
 *fill*         0x0000000008000802        0x2 
 .text.HAL_DMA_IRQHandler
                0x0000000008000804      0x128 Drivers/STM32F1xx_HAL_Driver/Src/stm32f1xx_hal_dma.o
                0x0000000008000804                HAL_DMA_IRQHandler
 .text.HAL_GPIO_Init
                0x000000000800092c      0x1c0 Drivers/STM32F1xx_HAL_Driver/Src/stm32f1xx_hal_gpio.o
                0x000000000800092c                HAL_GPIO_Init
 .text.HAL_GPIO_WritePin
                0x0000000008000aec        0xa Drivers/STM32F1xx_HAL_Driver/Src/stm32f1xx_hal_gpio.o
                0x0000000008000aec                HAL_GPIO_WritePin
 .text.HAL_PCD_Init
                0x0000000008000af6       0xd2 Drivers/STM32F1xx_HAL_Driver/Src/stm32f1xx_hal_pcd.o
                0x0000000008000af6                HAL_PCD_Init
 .text.HAL_PCD_Start
                0x0000000008000bc8       0x2e Drivers/STM32F1xx_HAL_Driver/Src/stm32f1xx_hal_pcd.o
                0x0000000008000bc8                HAL_PCD_Start
 .text.HAL_PCD_SetAddress
                0x0000000008000bf6       0x28 Drivers/STM32F1xx_HAL_Driver/Src/stm32f1xx_hal_pcd.o
                0x0000000008000bf6                HAL_PCD_SetAddress
 .text.HAL_PCD_EP_Open
                0x0000000008000c1e       0x46 Drivers/STM32F1xx_HAL_Driver/Src/stm32f1xx_hal_pcd.o
                0x0000000008000c1e                HAL_PCD_EP_Open
 .text.HAL_PCD_EP_Close
                0x0000000008000c64       0x42 Drivers/STM32F1xx_HAL_Driver/Src/stm32f1xx_hal_pcd.o
                0x0000000008000c64                HAL_PCD_EP_Close
 .text.HAL_PCD_EP_Receive
                0x0000000008000ca6       0x30 Drivers/STM32F1xx_HAL_Driver/Src/stm32f1xx_hal_pcd.o
                0x0000000008000ca6                HAL_PCD_EP_Receive
 .text.HAL_PCD_EP_GetRxCount
                0x0000000008000cd6        0xe Drivers/STM32F1xx_HAL_Driver/Src/stm32f1xx_hal_pcd.o
                0x0000000008000cd6                HAL_PCD_EP_GetRxCount
 .text.HAL_PCD_EP_Transmit
                0x0000000008000ce4       0x2c Drivers/STM32F1xx_HAL_Driver/Src/stm32f1xx_hal_pcd.o
                0x0000000008000ce4                HAL_PCD_EP_Transmit
 .text.HAL_PCD_IRQHandler
                0x0000000008000d10      0x4f0 Drivers/STM32F1xx_HAL_Driver/Src/stm32f1xx_hal_pcd.o
                0x0000000008000d10                HAL_PCD_IRQHandler
 .text.HAL_PCD_EP_SetStall
                0x0000000008001200       0x52 Drivers/STM32F1xx_HAL_Driver/Src/stm32f1xx_hal_pcd.o
                0x0000000008001200                HAL_PCD_EP_SetStall
 .text.HAL_PCD_EP_ClrStall
                0x0000000008001252       0x46 Drivers/STM32F1xx_HAL_Driver/Src/stm32f1xx_hal_pcd.o
                0x0000000008001252                HAL_PCD_EP_ClrStall
 .text.HAL_PCDEx_PMAConfig
                0x0000000008001298       0x30 Drivers/STM32F1xx_HAL_Driver/Src/stm32f1xx_hal_pcd_ex.o
                0x0000000008001298                HAL_PCDEx_PMAConfig
 .text.HAL_RCC_OscConfig
                0x00000000080012c8      0x318 Drivers/STM32F1xx_HAL_Driver/Src/stm32f1xx_hal_rcc.o
                0x00000000080012c8                HAL_RCC_OscConfig
 .text.HAL_RCC_GetSysClockFreq
                0x00000000080015e0       0x78 Drivers/STM32F1xx_HAL_Driver/Src/stm32f1xx_hal_rcc.o
                0x00000000080015e0                HAL_RCC_GetSysClockFreq
 .text.HAL_RCC_ClockConfig
                0x0000000008001658      0x148 Drivers/STM32F1xx_HAL_Driver/Src/stm32f1xx_hal_rcc.o
                0x0000000008001658                HAL_RCC_ClockConfig
 .text.HAL_RCC_GetHCLKFreq
                0x00000000080017a0        0xc Drivers/STM32F1xx_HAL_Driver/Src/stm32f1xx_hal_rcc.o
                0x00000000080017a0                HAL_RCC_GetHCLKFreq
 .text.HAL_RCCEx_PeriphCLKConfig
                0x00000000080017ac       0xf0 Drivers/STM32F1xx_HAL_Driver/Src/stm32f1xx_hal_rcc_ex.o
                0x00000000080017ac                HAL_RCCEx_PeriphCLKConfig
 .text.HAL_TIM_Base_Start_IT
                0x000000000800189c       0x16 Drivers/STM32F1xx_HAL_Driver/Src/stm32f1xx_hal_tim.o
                0x000000000800189c                HAL_TIM_Base_Start_IT
 .text.HAL_TIM_ConfigClockSource
                0x00000000080018b2      0x172 Drivers/STM32F1xx_HAL_Driver/Src/stm32f1xx_hal_tim.o
                0x00000000080018b2                HAL_TIM_ConfigClockSource
 .text.HAL_TIM_PeriodElapsedCallback
                0x0000000008001a24        0x2 Drivers/STM32F1xx_HAL_Driver/Src/stm32f1xx_hal_tim.o
                0x0000000008001a24                HAL_TIM_PeriodElapsedCallback
 .text.HAL_TIM_OC_DelayElapsedCallback
                0x0000000008001a26        0x2 Drivers/STM32F1xx_HAL_Driver/Src/stm32f1xx_hal_tim.o
                0x0000000008001a26                HAL_TIM_OC_DelayElapsedCallback
 .text.HAL_TIM_IC_CaptureCallback
                0x0000000008001a28        0x2 Drivers/STM32F1xx_HAL_Driver/Src/stm32f1xx_hal_tim.o
                0x0000000008001a28                HAL_TIM_IC_CaptureCallback
 .text.HAL_TIM_PWM_PulseFinishedCallback
                0x0000000008001a2a        0x2 Drivers/STM32F1xx_HAL_Driver/Src/stm32f1xx_hal_tim.o
                0x0000000008001a2a                HAL_TIM_PWM_PulseFinishedCallback
 .text.HAL_TIM_TriggerCallback
                0x0000000008001a2c        0x2 Drivers/STM32F1xx_HAL_Driver/Src/stm32f1xx_hal_tim.o
                0x0000000008001a2c                HAL_TIM_TriggerCallback
 .text.HAL_TIM_IRQHandler
                0x0000000008001a2e      0x144 Drivers/STM32F1xx_HAL_Driver/Src/stm32f1xx_hal_tim.o
                0x0000000008001a2e                HAL_TIM_IRQHandler
 *fill*         0x0000000008001b72        0x2 
 .text.TIM_Base_SetConfig
                0x0000000008001b74       0x70 Drivers/STM32F1xx_HAL_Driver/Src/stm32f1xx_hal_tim.o
                0x0000000008001b74                TIM_Base_SetConfig
 .text.HAL_TIM_Base_Init
                0x0000000008001be4       0x34 Drivers/STM32F1xx_HAL_Driver/Src/stm32f1xx_hal_tim.o
                0x0000000008001be4                HAL_TIM_Base_Init
 .text.HAL_TIMEx_MasterConfigSynchronization
                0x0000000008001c18       0x44 Drivers/STM32F1xx_HAL_Driver/Src/stm32f1xx_hal_tim_ex.o
                0x0000000008001c18                HAL_TIMEx_MasterConfigSynchronization
 .text.HAL_TIMEx_CommutationCallback
                0x0000000008001c5c        0x2 Drivers/STM32F1xx_HAL_Driver/Src/stm32f1xx_hal_tim_ex.o
                0x0000000008001c5c                HAL_TIMEx_CommutationCallback
 .text.HAL_TIMEx_BreakCallback
                0x0000000008001c5e        0x2 Drivers/STM32F1xx_HAL_Driver/Src/stm32f1xx_hal_tim_ex.o
                0x0000000008001c5e                HAL_TIMEx_BreakCallback
 .text.USB_CoreInit
                0x0000000008001c60        0xe Drivers/STM32F1xx_HAL_Driver/Src/stm32f1xx_ll_usb.o
                0x0000000008001c60                USB_CoreInit
 .text.USB_EnableGlobalInt
                0x0000000008001c6e       0x12 Drivers/STM32F1xx_HAL_Driver/Src/stm32f1xx_ll_usb.o
                0x0000000008001c6e                USB_EnableGlobalInt
 .text.USB_DisableGlobalInt
                0x0000000008001c80       0x14 Drivers/STM32F1xx_HAL_Driver/Src/stm32f1xx_ll_usb.o
                0x0000000008001c80                USB_DisableGlobalInt
 .text.USB_SetCurrentMode
                0x0000000008001c94        0x4 Drivers/STM32F1xx_HAL_Driver/Src/stm32f1xx_ll_usb.o
                0x0000000008001c94                USB_SetCurrentMode
 .text.USB_DevInit
                0x0000000008001c98       0x36 Drivers/STM32F1xx_HAL_Driver/Src/stm32f1xx_ll_usb.o
                0x0000000008001c98                USB_DevInit
 *fill*         0x0000000008001cce        0x2 
 .text.USB_ActivateEndpoint
                0x0000000008001cd0      0x2e4 Drivers/STM32F1xx_HAL_Driver/Src/stm32f1xx_ll_usb.o
                0x0000000008001cd0                USB_ActivateEndpoint
 .text.USB_DeactivateEndpoint
                0x0000000008001fb4      0x19c Drivers/STM32F1xx_HAL_Driver/Src/stm32f1xx_ll_usb.o
                0x0000000008001fb4                USB_DeactivateEndpoint
 .text.USB_EPSetStall
                0x0000000008002150       0x64 Drivers/STM32F1xx_HAL_Driver/Src/stm32f1xx_ll_usb.o
                0x0000000008002150                USB_EPSetStall
 .text.USB_EPClearStall
                0x00000000080021b4       0x84 Drivers/STM32F1xx_HAL_Driver/Src/stm32f1xx_ll_usb.o
                0x00000000080021b4                USB_EPClearStall
 .text.USB_SetDevAddress
                0x0000000008002238        0xc Drivers/STM32F1xx_HAL_Driver/Src/stm32f1xx_ll_usb.o
                0x0000000008002238                USB_SetDevAddress
 .text.USB_DevConnect
                0x0000000008002244        0x4 Drivers/STM32F1xx_HAL_Driver/Src/stm32f1xx_ll_usb.o
                0x0000000008002244                USB_DevConnect
 .text.USB_DevDisconnect
                0x0000000008002248        0x4 Drivers/STM32F1xx_HAL_Driver/Src/stm32f1xx_ll_usb.o
                0x0000000008002248                USB_DevDisconnect
 .text.USB_ReadInterrupts
                0x000000000800224c        0x8 Drivers/STM32F1xx_HAL_Driver/Src/stm32f1xx_ll_usb.o
                0x000000000800224c                USB_ReadInterrupts
 .text.USB_EP0_OutStart
                0x0000000008002254        0x4 Drivers/STM32F1xx_HAL_Driver/Src/stm32f1xx_ll_usb.o
                0x0000000008002254                USB_EP0_OutStart
 .text.USB_WritePMA
                0x0000000008002258       0x22 Drivers/STM32F1xx_HAL_Driver/Src/stm32f1xx_ll_usb.o
                0x0000000008002258                USB_WritePMA
 *fill*         0x000000000800227a        0x2 
 .text.USB_EPStartXfer
                0x000000000800227c      0x200 Drivers/STM32F1xx_HAL_Driver/Src/stm32f1xx_ll_usb.o
                0x000000000800227c                USB_EPStartXfer
 .text.USB_ReadPMA
                0x000000000800247c       0x22 Drivers/STM32F1xx_HAL_Driver/Src/stm32f1xx_ll_usb.o
                0x000000000800247c                USB_ReadPMA
 .text.USBD_CDC_DataIn
                0x000000000800249e       0x12 Middlewares/ST/STM32_USB_Device_Library/Class/CDC/Src/usbd_cdc.o
 .text.USBD_CDC_EP0_RxReady
                0x00000000080024b0       0x28 Middlewares/ST/STM32_USB_Device_Library/Class/CDC/Src/usbd_cdc.o
 .text.USBD_CDC_GetFSCfgDesc
                0x00000000080024d8        0xc Middlewares/ST/STM32_USB_Device_Library/Class/CDC/Src/usbd_cdc.o
 .text.USBD_CDC_GetHSCfgDesc
                0x00000000080024e4        0xc Middlewares/ST/STM32_USB_Device_Library/Class/CDC/Src/usbd_cdc.o
 .text.USBD_CDC_GetOtherSpeedCfgDesc
                0x00000000080024f0        0xc Middlewares/ST/STM32_USB_Device_Library/Class/CDC/Src/usbd_cdc.o
 .text.USBD_CDC_GetDeviceQualifierDescriptor
                0x00000000080024fc        0xc Middlewares/ST/STM32_USB_Device_Library/Class/CDC/Src/usbd_cdc.o
                0x00000000080024fc                USBD_CDC_GetDeviceQualifierDescriptor
 .text.USBD_CDC_DataOut
                0x0000000008002508       0x2e Middlewares/ST/STM32_USB_Device_Library/Class/CDC/Src/usbd_cdc.o
 *fill*         0x0000000008002536        0x2 
 .text.USBD_CDC_Setup
                0x0000000008002538       0x68 Middlewares/ST/STM32_USB_Device_Library/Class/CDC/Src/usbd_cdc.o
 .text.USBD_CDC_DeInit
                0x00000000080025a0       0x3a Middlewares/ST/STM32_USB_Device_Library/Class/CDC/Src/usbd_cdc.o
 .text.USBD_CDC_Init
                0x00000000080025da       0x8c Middlewares/ST/STM32_USB_Device_Library/Class/CDC/Src/usbd_cdc.o
 .text.USBD_CDC_RegisterInterface
                0x0000000008002666        0xe Middlewares/ST/STM32_USB_Device_Library/Class/CDC/Src/usbd_cdc.o
                0x0000000008002666                USBD_CDC_RegisterInterface
 .text.USBD_CDC_SetTxBuffer
                0x0000000008002674       0x10 Middlewares/ST/STM32_USB_Device_Library/Class/CDC/Src/usbd_cdc.o
                0x0000000008002674                USBD_CDC_SetTxBuffer
 .text.USBD_CDC_SetRxBuffer
                0x0000000008002684        0xc Middlewares/ST/STM32_USB_Device_Library/Class/CDC/Src/usbd_cdc.o
                0x0000000008002684                USBD_CDC_SetRxBuffer
 .text.USBD_CDC_TransmitPacket
                0x0000000008002690       0x2e Middlewares/ST/STM32_USB_Device_Library/Class/CDC/Src/usbd_cdc.o
                0x0000000008002690                USBD_CDC_TransmitPacket
 .text.USBD_CDC_ReceivePacket
                0x00000000080026be       0x26 Middlewares/ST/STM32_USB_Device_Library/Class/CDC/Src/usbd_cdc.o
                0x00000000080026be                USBD_CDC_ReceivePacket
 .text.USBD_Init
                0x00000000080026e4       0x2a Middlewares/ST/STM32_USB_Device_Library/Core/Src/usbd_core.o
                0x00000000080026e4                USBD_Init
 .text.USBD_RegisterClass
                0x000000000800270e        0xe Middlewares/ST/STM32_USB_Device_Library/Core/Src/usbd_core.o
                0x000000000800270e                USBD_RegisterClass
 .text.USBD_Start
                0x000000000800271c        0xa Middlewares/ST/STM32_USB_Device_Library/Core/Src/usbd_core.o
                0x000000000800271c                USBD_Start
 .text.USBD_SetClassConfig
                0x0000000008002726       0x16 Middlewares/ST/STM32_USB_Device_Library/Core/Src/usbd_core.o
                0x0000000008002726                USBD_SetClassConfig
 .text.USBD_ClrClassConfig
                0x000000000800273c        0xe Middlewares/ST/STM32_USB_Device_Library/Core/Src/usbd_core.o
                0x000000000800273c                USBD_ClrClassConfig
 .text.USBD_LL_SetupStage
                0x000000000800274a       0x5a Middlewares/ST/STM32_USB_Device_Library/Core/Src/usbd_core.o
                0x000000000800274a                USBD_LL_SetupStage
 .text.USBD_LL_DataOutStage
                0x00000000080027a4       0x64 Middlewares/ST/STM32_USB_Device_Library/Core/Src/usbd_core.o
                0x00000000080027a4                USBD_LL_DataOutStage
 .text.USBD_LL_DataInStage
                0x0000000008002808       0x9e Middlewares/ST/STM32_USB_Device_Library/Core/Src/usbd_core.o
                0x0000000008002808                USBD_LL_DataInStage
 .text.USBD_LL_Reset
                0x00000000080028a6       0x3e Middlewares/ST/STM32_USB_Device_Library/Core/Src/usbd_core.o
                0x00000000080028a6                USBD_LL_Reset
 .text.USBD_LL_SetSpeed
                0x00000000080028e4        0x6 Middlewares/ST/STM32_USB_Device_Library/Core/Src/usbd_core.o
                0x00000000080028e4                USBD_LL_SetSpeed
 .text.USBD_LL_Suspend
                0x00000000080028ea       0x12 Middlewares/ST/STM32_USB_Device_Library/Core/Src/usbd_core.o
                0x00000000080028ea                USBD_LL_Suspend
 .text.USBD_LL_Resume
                0x00000000080028fc        0xc Middlewares/ST/STM32_USB_Device_Library/Core/Src/usbd_core.o
                0x00000000080028fc                USBD_LL_Resume
 .text.USBD_LL_SOF
                0x0000000008002908       0x18 Middlewares/ST/STM32_USB_Device_Library/Core/Src/usbd_core.o
                0x0000000008002908                USBD_LL_SOF
 .text.USBD_CtlError.constprop.0
                0x0000000008002920       0x16 Middlewares/ST/STM32_USB_Device_Library/Core/Src/usbd_ctlreq.o
 *fill*         0x0000000008002936        0x2 
 .text.USBD_StdDevReq
                0x0000000008002938      0x1f4 Middlewares/ST/STM32_USB_Device_Library/Core/Src/usbd_ctlreq.o
                0x0000000008002938                USBD_StdDevReq
 .text.USBD_StdItfReq
                0x0000000008002b2c       0x30 Middlewares/ST/STM32_USB_Device_Library/Core/Src/usbd_ctlreq.o
                0x0000000008002b2c                USBD_StdItfReq
 .text.USBD_StdEPReq
                0x0000000008002b5c       0xc6 Middlewares/ST/STM32_USB_Device_Library/Core/Src/usbd_ctlreq.o
                0x0000000008002b5c                USBD_StdEPReq
 .text.USBD_ParseSetupRequest
                0x0000000008002c22       0x28 Middlewares/ST/STM32_USB_Device_Library/Core/Src/usbd_ctlreq.o
                0x0000000008002c22                USBD_ParseSetupRequest
 .text.USBD_GetString
                0x0000000008002c4a       0x38 Middlewares/ST/STM32_USB_Device_Library/Core/Src/usbd_ctlreq.o
                0x0000000008002c4a                USBD_GetString
 .text.USBD_CtlSendData
                0x0000000008002c82       0x1a Middlewares/ST/STM32_USB_Device_Library/Core/Src/usbd_ioreq.o
                0x0000000008002c82                USBD_CtlSendData
 .text.USBD_CtlContinueSendData
                0x0000000008002c9c       0x10 Middlewares/ST/STM32_USB_Device_Library/Core/Src/usbd_ioreq.o
                0x0000000008002c9c                USBD_CtlContinueSendData
 .text.USBD_CtlPrepareRx
                0x0000000008002cac       0x1e Middlewares/ST/STM32_USB_Device_Library/Core/Src/usbd_ioreq.o
                0x0000000008002cac                USBD_CtlPrepareRx
 .text.USBD_CtlContinueRx
                0x0000000008002cca       0x10 Middlewares/ST/STM32_USB_Device_Library/Core/Src/usbd_ioreq.o
                0x0000000008002cca                USBD_CtlContinueRx
 .text.USBD_CtlSendStatus
                0x0000000008002cda       0x16 Middlewares/ST/STM32_USB_Device_Library/Core/Src/usbd_ioreq.o
                0x0000000008002cda                USBD_CtlSendStatus
 .text.USBD_CtlReceiveStatus
                0x0000000008002cf0       0x16 Middlewares/ST/STM32_USB_Device_Library/Core/Src/usbd_ioreq.o
                0x0000000008002cf0                USBD_CtlReceiveStatus
 *fill*         0x0000000008002d06        0x2 
 .text.timerADC
                0x0000000008002d08       0xd4 Src/main.o
                0x0000000008002d08                timerADC
 .text.processDMA
                0x0000000008002ddc        0x2 Src/main.o
                0x0000000008002ddc                processDMA
 *fill*         0x0000000008002dde        0x2 
 .text.setup    0x0000000008002de0       0x68 Src/main.o
                0x0000000008002de0                setup
 .text.SystemClock_Config
                0x0000000008002e48       0x84 Src/main.o
                0x0000000008002e48                SystemClock_Config
 .text.startup.main
                0x0000000008002ecc      0x218 Src/main.o
                0x0000000008002ecc                main
 .text._Error_Handler
                0x00000000080030e4        0x2 Src/main.o
                0x00000000080030e4                _Error_Handler
 *fill*         0x00000000080030e6        0x2 
 .text.HAL_MspInit
                0x00000000080030e8       0xa0 Src/stm32f1xx_hal_msp.o
                0x00000000080030e8                HAL_MspInit
 .text.HAL_ADC_MspInit
                0x0000000008003188       0x98 Src/stm32f1xx_hal_msp.o
                0x0000000008003188                HAL_ADC_MspInit
 .text.HAL_TIM_Base_MspInit
                0x0000000008003220       0x3c Src/stm32f1xx_hal_msp.o
                0x0000000008003220                HAL_TIM_Base_MspInit
 .text.NMI_Handler
                0x000000000800325c        0x2 Src/stm32f1xx_it.o
                0x000000000800325c                NMI_Handler
 .text.HardFault_Handler
                0x000000000800325e        0x2 Src/stm32f1xx_it.o
                0x000000000800325e                HardFault_Handler
 .text.MemManage_Handler
                0x0000000008003260        0x2 Src/stm32f1xx_it.o
                0x0000000008003260                MemManage_Handler
 .text.BusFault_Handler
                0x0000000008003262        0x2 Src/stm32f1xx_it.o
                0x0000000008003262                BusFault_Handler
 .text.UsageFault_Handler
                0x0000000008003264        0x2 Src/stm32f1xx_it.o
                0x0000000008003264                UsageFault_Handler
 .text.SVC_Handler
                0x0000000008003266        0x2 Src/stm32f1xx_it.o
                0x0000000008003266                SVC_Handler
 .text.DebugMon_Handler
                0x0000000008003268        0x2 Src/stm32f1xx_it.o
                0x0000000008003268                DebugMon_Handler
 .text.PendSV_Handler
                0x000000000800326a        0x2 Src/stm32f1xx_it.o
                0x000000000800326a                PendSV_Handler
 .text.SysTick_Handler
                0x000000000800326c        0xe Src/stm32f1xx_it.o
                0x000000000800326c                SysTick_Handler
 *fill*         0x000000000800327a        0x2 
 .text.DMA1_Channel1_IRQHandler
                0x000000000800327c       0x14 Src/stm32f1xx_it.o
                0x000000000800327c                DMA1_Channel1_IRQHandler
 .text.USB_LP_CAN1_RX0_IRQHandler
                0x0000000008003290        0xc Src/stm32f1xx_it.o
                0x0000000008003290                USB_LP_CAN1_RX0_IRQHandler
 .text.TIM3_IRQHandler
                0x000000000800329c       0x14 Src/stm32f1xx_it.o
                0x000000000800329c                TIM3_IRQHandler
 .text.SystemInit
                0x00000000080032b0       0x4c Src/system_stm32f1xx.o
                0x00000000080032b0                SystemInit
 .text.select_row
                0x00000000080032fc       0x64 Src/tb_adc_read.o
                0x00000000080032fc                select_row
 .text.select_column
                0x0000000008003360       0x98 Src/tb_adc_read.o
                0x0000000008003360                select_column
 .text.MX_USB_DEVICE_Init
                0x00000000080033f8       0x38 Src/usb_device.o
                0x00000000080033f8                MX_USB_DEVICE_Init
 .text.CDC_DeInit_FS
                0x0000000008003430        0x4 Src/usbd_cdc_if.o
 .text.CDC_Control_FS
                0x0000000008003434        0x4 Src/usbd_cdc_if.o
 .text.CDC_Receive_FS
                0x0000000008003438       0x1c Src/usbd_cdc_if.o
 .text.CDC_Init_FS
                0x0000000008003454       0x28 Src/usbd_cdc_if.o
 .text.CDC_Transmit_FS
                0x000000000800347c       0x2c Src/usbd_cdc_if.o
                0x000000000800347c                CDC_Transmit_FS
 .text.HAL_PCD_MspInit
                0x00000000080034a8       0x3c Src/usbd_conf.o
                0x00000000080034a8                HAL_PCD_MspInit
 .text.HAL_PCD_SetupStageCallback
                0x00000000080034e4        0xc Src/usbd_conf.o
                0x00000000080034e4                HAL_PCD_SetupStageCallback
 .text.HAL_PCD_DataOutStageCallback
                0x00000000080034f0       0x10 Src/usbd_conf.o
                0x00000000080034f0                HAL_PCD_DataOutStageCallback
 .text.HAL_PCD_DataInStageCallback
                0x0000000008003500        0xe Src/usbd_conf.o
                0x0000000008003500                HAL_PCD_DataInStageCallback
 .text.HAL_PCD_SOFCallback
                0x000000000800350e        0x8 Src/usbd_conf.o
                0x000000000800350e                HAL_PCD_SOFCallback
 .text.HAL_PCD_ResetCallback
                0x0000000008003516       0x1a Src/usbd_conf.o
                0x0000000008003516                HAL_PCD_ResetCallback
 .text.HAL_PCD_SuspendCallback
                0x0000000008003530       0x20 Src/usbd_conf.o
                0x0000000008003530                HAL_PCD_SuspendCallback
 .text.HAL_PCD_ResumeCallback
                0x0000000008003550        0x8 Src/usbd_conf.o
                0x0000000008003550                HAL_PCD_ResumeCallback
 .text.USBD_LL_Init
                0x0000000008003558       0x90 Src/usbd_conf.o
                0x0000000008003558                USBD_LL_Init
 .text.USBD_LL_Start
                0x00000000080035e8       0x1c Src/usbd_conf.o
                0x00000000080035e8                USBD_LL_Start
 .text.USBD_LL_OpenEP
                0x0000000008003604       0x20 Src/usbd_conf.o
                0x0000000008003604                USBD_LL_OpenEP
 .text.USBD_LL_CloseEP
                0x0000000008003624       0x1c Src/usbd_conf.o
                0x0000000008003624                USBD_LL_CloseEP
 .text.USBD_LL_StallEP
                0x0000000008003640       0x1c Src/usbd_conf.o
                0x0000000008003640                USBD_LL_StallEP
 .text.USBD_LL_ClearStallEP
                0x000000000800365c       0x1c Src/usbd_conf.o
                0x000000000800365c                USBD_LL_ClearStallEP
 .text.USBD_LL_IsStallEP
                0x0000000008003678       0x20 Src/usbd_conf.o
                0x0000000008003678                USBD_LL_IsStallEP
 .text.USBD_LL_SetUSBAddress
                0x0000000008003698       0x1c Src/usbd_conf.o
                0x0000000008003698                USBD_LL_SetUSBAddress
 .text.USBD_LL_Transmit
                0x00000000080036b4       0x1c Src/usbd_conf.o
                0x00000000080036b4                USBD_LL_Transmit
 .text.USBD_LL_PrepareReceive
                0x00000000080036d0       0x1c Src/usbd_conf.o
                0x00000000080036d0                USBD_LL_PrepareReceive
 .text.USBD_LL_GetRxDataSize
                0x00000000080036ec        0xc Src/usbd_conf.o
                0x00000000080036ec                USBD_LL_GetRxDataSize
 .text.USBD_static_malloc
                0x00000000080036f8        0x8 Src/usbd_conf.o
                0x00000000080036f8                USBD_static_malloc
 .text.USBD_static_free
                0x0000000008003700        0x2 Src/usbd_conf.o
                0x0000000008003700                USBD_static_free
 .text.HAL_PCDEx_SetConnectionState
                0x0000000008003702        0x2 Src/usbd_conf.o
                0x0000000008003702                HAL_PCDEx_SetConnectionState
 .text.USBD_FS_DeviceDescriptor
                0x0000000008003704        0xc Src/usbd_desc.o
                0x0000000008003704                USBD_FS_DeviceDescriptor
 .text.USBD_FS_LangIDStrDescriptor
                0x0000000008003710        0xc Src/usbd_desc.o
                0x0000000008003710                USBD_FS_LangIDStrDescriptor
 .text.USBD_FS_ManufacturerStrDescriptor
                0x000000000800371c       0x1c Src/usbd_desc.o
                0x000000000800371c                USBD_FS_ManufacturerStrDescriptor
 .text.USBD_FS_ProductStrDescriptor
                0x0000000008003738       0x1c Src/usbd_desc.o
                0x0000000008003738                USBD_FS_ProductStrDescriptor
 .text.USBD_FS_SerialStrDescriptor
                0x0000000008003754       0x1c Src/usbd_desc.o
                0x0000000008003754                USBD_FS_SerialStrDescriptor
 .text.USBD_FS_ConfigStrDescriptor
                0x0000000008003770       0x1c Src/usbd_desc.o
                0x0000000008003770                USBD_FS_ConfigStrDescriptor
 .text.USBD_FS_InterfaceStrDescriptor
                0x000000000800378c       0x1c Src/usbd_desc.o
                0x000000000800378c                USBD_FS_InterfaceStrDescriptor
 .text.Reset_Handler
                0x00000000080037a8       0x48 startup/startup_stm32f103xb.o
                0x00000000080037a8                Reset_Handler
 .text.Default_Handler
                0x00000000080037f0        0x2 startup/startup_stm32f103xb.o
                0x00000000080037f0                RTC_Alarm_IRQHandler
                0x00000000080037f0                EXTI2_IRQHandler
                0x00000000080037f0                TIM1_CC_IRQHandler
                0x00000000080037f0                PVD_IRQHandler
                0x00000000080037f0                EXTI3_IRQHandler
                0x00000000080037f0                EXTI0_IRQHandler
                0x00000000080037f0                I2C2_EV_IRQHandler
                0x00000000080037f0                ADC1_2_IRQHandler
                0x00000000080037f0                SPI1_IRQHandler
                0x00000000080037f0                TAMPER_IRQHandler
                0x00000000080037f0                DMA1_Channel4_IRQHandler
                0x00000000080037f0                USART3_IRQHandler
                0x00000000080037f0                RTC_IRQHandler
                0x00000000080037f0                DMA1_Channel7_IRQHandler
                0x00000000080037f0                CAN1_RX1_IRQHandler
                0x00000000080037f0                TIM4_IRQHandler
                0x00000000080037f0                I2C1_EV_IRQHandler
                0x00000000080037f0                DMA1_Channel6_IRQHandler
                0x00000000080037f0                RCC_IRQHandler
                0x00000000080037f0                TIM1_TRG_COM_IRQHandler
                0x00000000080037f0                Default_Handler
                0x00000000080037f0                EXTI15_10_IRQHandler
                0x00000000080037f0                EXTI9_5_IRQHandler
                0x00000000080037f0                SPI2_IRQHandler
                0x00000000080037f0                DMA1_Channel5_IRQHandler
                0x00000000080037f0                EXTI4_IRQHandler
                0x00000000080037f0                USB_HP_CAN1_TX_IRQHandler
                0x00000000080037f0                DMA1_Channel3_IRQHandler
                0x00000000080037f0                TIM1_UP_IRQHandler
                0x00000000080037f0                WWDG_IRQHandler
                0x00000000080037f0                TIM2_IRQHandler
                0x00000000080037f0                TIM1_BRK_IRQHandler
                0x00000000080037f0                EXTI1_IRQHandler
                0x00000000080037f0                USART2_IRQHandler
                0x00000000080037f0                I2C2_ER_IRQHandler
                0x00000000080037f0                DMA1_Channel2_IRQHandler
                0x00000000080037f0                CAN1_SCE_IRQHandler
                0x00000000080037f0                FLASH_IRQHandler
                0x00000000080037f0                USART1_IRQHandler
                0x00000000080037f0                I2C1_ER_IRQHandler
                0x00000000080037f0                USBWakeUp_IRQHandler
 *fill*         0x00000000080037f2        0x2 
 .text.__libc_init_array
                0x00000000080037f4       0x48 /opt/Atollic_TrueSTUDIO_for_STM32_x86_64_9.0.1/ARMTools/bin/../lib/gcc/arm-atollic-eabi/6.3.1/../../../../arm-atollic-eabi/lib/armv7-m/libc_nano.a(lib_a-init.o)
                0x00000000080037f4                __libc_init_array
 *(.glue_7)
 .glue_7        0x000000000800383c        0x0 linker stubs
 *(.glue_7t)
 .glue_7t       0x000000000800383c        0x0 linker stubs
 *(.eh_frame)
 .eh_frame      0x000000000800383c        0x0 /opt/Atollic_TrueSTUDIO_for_STM32_x86_64_9.0.1/ARMTools/bin/../lib/gcc/arm-atollic-eabi/6.3.1/armv7-m/crtbegin.o
 *(.init)
 .init          0x000000000800383c        0x4 /opt/Atollic_TrueSTUDIO_for_STM32_x86_64_9.0.1/ARMTools/bin/../lib/gcc/arm-atollic-eabi/6.3.1/armv7-m/crti.o
                0x000000000800383c                _init
 .init          0x0000000008003840        0x8 /opt/Atollic_TrueSTUDIO_for_STM32_x86_64_9.0.1/ARMTools/bin/../lib/gcc/arm-atollic-eabi/6.3.1/armv7-m/crtn.o
 *(.fini)
 .fini          0x0000000008003848        0x4 /opt/Atollic_TrueSTUDIO_for_STM32_x86_64_9.0.1/ARMTools/bin/../lib/gcc/arm-atollic-eabi/6.3.1/armv7-m/crti.o
                0x0000000008003848                _fini
 .fini          0x000000000800384c        0x8 /opt/Atollic_TrueSTUDIO_for_STM32_x86_64_9.0.1/ARMTools/bin/../lib/gcc/arm-atollic-eabi/6.3.1/armv7-m/crtn.o
                0x0000000008003854                . = ALIGN (0x4)
                0x0000000008003854                _etext = .

.vfp11_veneer   0x0000000008003854        0x0
 .vfp11_veneer  0x0000000008003854        0x0 linker stubs

.v4_bx          0x0000000008003854        0x0
 .v4_bx         0x0000000008003854        0x0 linker stubs

.iplt           0x0000000008003854        0x0
 .iplt          0x0000000008003854        0x0 /opt/Atollic_TrueSTUDIO_for_STM32_x86_64_9.0.1/ARMTools/bin/../lib/gcc/arm-atollic-eabi/6.3.1/armv7-m/crtbegin.o

.rodata         0x0000000008003854       0xa4
                0x0000000008003854                . = ALIGN (0x4)
 *(.rodata)
 .rodata        0x0000000008003854       0x10 Drivers/STM32F1xx_HAL_Driver/Src/stm32f1xx_hal_rcc.o
 *(.rodata*)
 .rodata.HAL_ADC_MspInit.str1.1
                0x0000000008003864       0x1b Src/stm32f1xx_hal_msp.o
 .rodata.AHBPrescTable
                0x000000000800387f       0x10 Src/system_stm32f1xx.o
                0x000000000800387f                AHBPrescTable
 .rodata.CSWTCH.39
                0x000000000800388f        0x4 Src/usbd_conf.o
 .rodata.USBD_LL_Init.str1.1
                0x0000000008003893       0x13 Src/usbd_conf.o
 .rodata.USBD_FS_ConfigStrDescriptor.str1.1
                0x00000000080038a6        0xb Src/usbd_desc.o
 .rodata.USBD_FS_InterfaceStrDescriptor.str1.1
                0x00000000080038b1        0xe Src/usbd_desc.o
 .rodata.USBD_FS_ManufacturerStrDescriptor.str1.1
                0x00000000080038bf       0x13 Src/usbd_desc.o
 .rodata.USBD_FS_ProductStrDescriptor.str1.1
                0x00000000080038d2       0x16 Src/usbd_desc.o
 .rodata.USBD_FS_SerialStrDescriptor.str1.1
                0x00000000080038e8        0xd Src/usbd_desc.o
                0x00000000080038f8                . = ALIGN (0x4)
 *fill*         0x00000000080038f5        0x3 

.rel.dyn        0x00000000080038f8        0x0
 .rel.iplt      0x00000000080038f8        0x0 /opt/Atollic_TrueSTUDIO_for_STM32_x86_64_9.0.1/ARMTools/bin/../lib/gcc/arm-atollic-eabi/6.3.1/armv7-m/crtbegin.o

.ARM.extab
 *(.ARM.extab* .gnu.linkonce.armextab.*)

.ARM            0x00000000080038f8        0x0
                0x00000000080038f8                __exidx_start = .
 *(.ARM.exidx*)
                0x00000000080038f8                __exidx_end = .

.preinit_array  0x00000000080038f8        0x0
                0x00000000080038f8                PROVIDE (__preinit_array_start, .)
 *(.preinit_array*)
                0x00000000080038f8                PROVIDE (__preinit_array_end, .)

.init_array     0x00000000080038f8        0x4
                0x00000000080038f8                PROVIDE (__init_array_start, .)
 *(SORT(.init_array.*))
 *(.init_array*)
 .init_array    0x00000000080038f8        0x4 /opt/Atollic_TrueSTUDIO_for_STM32_x86_64_9.0.1/ARMTools/bin/../lib/gcc/arm-atollic-eabi/6.3.1/armv7-m/crtbegin.o
                0x00000000080038fc                PROVIDE (__init_array_end, .)

.fini_array     0x00000000080038fc        0x4
                [!provide]                        PROVIDE (__fini_array_start, .)
 *(SORT(.fini_array.*))
 *(.fini_array*)
 .fini_array    0x00000000080038fc        0x4 /opt/Atollic_TrueSTUDIO_for_STM32_x86_64_9.0.1/ARMTools/bin/../lib/gcc/arm-atollic-eabi/6.3.1/armv7-m/crtbegin.o
                [!provide]                        PROVIDE (__fini_array_end, .)
                0x0000000008003900                _sidata = LOADADDR (.data)

.data           0x0000000020000000      0x164 load address 0x0000000008003900
                0x0000000020000000                . = ALIGN (0x4)
                0x0000000020000000                _sdata = .
 *(.data)
 *(.data*)
 .data.uwTickFreq
                0x0000000020000000        0x1 Drivers/STM32F1xx_HAL_Driver/Src/stm32f1xx_hal.o
                0x0000000020000000                uwTickFreq
 *fill*         0x0000000020000001        0x3 
 .data.uwTickPrio
                0x0000000020000004        0x4 Drivers/STM32F1xx_HAL_Driver/Src/stm32f1xx_hal.o
                0x0000000020000004                uwTickPrio
 .data.USBD_CDC
                0x0000000020000008       0x38 Middlewares/ST/STM32_USB_Device_Library/Class/CDC/Src/usbd_cdc.o
                0x0000000020000008                USBD_CDC
 .data.USBD_CDC_CfgFSDesc
                0x0000000020000040       0x43 Middlewares/ST/STM32_USB_Device_Library/Class/CDC/Src/usbd_cdc.o
                0x0000000020000040                USBD_CDC_CfgFSDesc
 *fill*         0x0000000020000083        0x1 
 .data.USBD_CDC_CfgHSDesc
                0x0000000020000084       0x43 Middlewares/ST/STM32_USB_Device_Library/Class/CDC/Src/usbd_cdc.o
                0x0000000020000084                USBD_CDC_CfgHSDesc
 *fill*         0x00000000200000c7        0x1 
 .data.USBD_CDC_DeviceQualifierDesc
                0x00000000200000c8        0xa Middlewares/ST/STM32_USB_Device_Library/Class/CDC/Src/usbd_cdc.o
 *fill*         0x00000000200000d2        0x2 
 .data.USBD_CDC_OtherSpeedCfgDesc
                0x00000000200000d4       0x43 Middlewares/ST/STM32_USB_Device_Library/Class/CDC/Src/usbd_cdc.o
                0x00000000200000d4                USBD_CDC_OtherSpeedCfgDesc
 .data.taxelCounter
                0x0000000020000117        0x1 Src/main.o
                0x0000000020000117                taxelCounter
 .data.SystemCoreClock
                0x0000000020000118        0x4 Src/system_stm32f1xx.o
                0x0000000020000118                SystemCoreClock
 .data.rows     0x000000002000011c        0x4 Src/tb_adc_read.o
                0x000000002000011c                rows
 .data.USBD_Interface_fops_FS
                0x0000000020000120       0x10 Src/usbd_cdc_if.o
                0x0000000020000120                USBD_Interface_fops_FS
 .data.FS_Desc  0x0000000020000130       0x1c Src/usbd_desc.o
                0x0000000020000130                FS_Desc
 .data.USBD_FS_DeviceDesc
                0x000000002000014c       0x12 Src/usbd_desc.o
                0x000000002000014c                USBD_FS_DeviceDesc
 *fill*         0x000000002000015e        0x2 
 .data.USBD_LangIDDesc
                0x0000000020000160        0x4 Src/usbd_desc.o
                0x0000000020000160                USBD_LangIDDesc
                0x0000000020000164                . = ALIGN (0x4)
                0x0000000020000164                _edata = .

.igot.plt       0x0000000020000164        0x0 load address 0x0000000008003a64
 .igot.plt      0x0000000020000164        0x0 /opt/Atollic_TrueSTUDIO_for_STM32_x86_64_9.0.1/ARMTools/bin/../lib/gcc/arm-atollic-eabi/6.3.1/armv7-m/crtbegin.o
                0x0000000020000164                . = ALIGN (0x4)

.bss            0x0000000020000164     0x1418 load address 0x0000000008003a64
                0x0000000020000164                _sbss = .
                0x0000000020000164                __bss_start__ = _sbss
 *(.bss)
 .bss           0x0000000020000164       0x1c /opt/Atollic_TrueSTUDIO_for_STM32_x86_64_9.0.1/ARMTools/bin/../lib/gcc/arm-atollic-eabi/6.3.1/armv7-m/crtbegin.o
 *(.bss*)
 .bss.ifalt.8097
                0x0000000020000180        0x1 Middlewares/ST/STM32_USB_Device_Library/Class/CDC/Src/usbd_cdc.o
 .bss.cfgidx.8102
                0x0000000020000181        0x1 Middlewares/ST/STM32_USB_Device_Library/Core/Src/usbd_ctlreq.o
 .bss.col       0x0000000020000182        0x1 Src/main.o
                0x0000000020000182                col
 .bss.row       0x0000000020000183        0x1 Src/main.o
                0x0000000020000183                row
 .bss.start     0x0000000020000184        0x1 Src/main.o
                0x0000000020000184                start
 *fill*         0x0000000020000185        0x3 
 .bss.mem.8256  0x0000000020000188      0x220 Src/usbd_conf.o
 *(COMMON)
 COMMON         0x00000000200003a8        0x4 Drivers/STM32F1xx_HAL_Driver/Src/stm32f1xx_hal.o
                0x00000000200003a8                uwTick
 COMMON         0x00000000200003ac      0x17c Src/main.o
                0x00000000200003ac                adcBuffer
                0x00000000200003d0                htim3
                0x0000000020000410                hadc1
                0x0000000020000440                usbBuffer
                0x00000000200004e4                hdma_adc1
 COMMON         0x0000000020000528      0x224 Src/usb_device.o
                0x0000000020000528                hUsbDeviceFS
 COMMON         0x000000002000074c      0x7d0 Src/usbd_cdc_if.o
                0x000000002000074c                UserRxBufferFS
                0x0000000020000b34                UserTxBufferFS
 COMMON         0x0000000020000f1c      0x460 Src/usbd_conf.o
                0x0000000020000f1c                hpcd_USB_FS
 COMMON         0x000000002000137c      0x200 Src/usbd_desc.o
                0x000000002000137c                USBD_StrDesc
                0x000000002000157c                . = ALIGN (0x4)
                0x000000002000157c                _ebss = .
                0x000000002000157c                __bss_end__ = _ebss

._user_heap_stack
                0x000000002000157c      0x600 load address 0x0000000008003a64
                0x000000002000157c                . = ALIGN (0x4)
                [!provide]                        PROVIDE (end, .)
                [!provide]                        PROVIDE (_end, .)
                0x000000002000177c                . = (. + _Min_Heap_Size)
 *fill*         0x000000002000157c      0x200 
                0x0000000020001b7c                . = (. + _Min_Stack_Size)
 *fill*         0x000000002000177c      0x400 
                0x0000000020001b7c                . = ALIGN (0x4)

/DISCARD/
 libc.a(*)
 libm.a(*)
 libgcc.a(*)

.ARM.attributes
                0x0000000000000000       0x29
 *(.ARM.attributes)
 .ARM.attributes
                0x0000000000000000       0x1d /opt/Atollic_TrueSTUDIO_for_STM32_x86_64_9.0.1/ARMTools/bin/../lib/gcc/arm-atollic-eabi/6.3.1/armv7-m/crti.o
 .ARM.attributes
                0x000000000000001d       0x2d /opt/Atollic_TrueSTUDIO_for_STM32_x86_64_9.0.1/ARMTools/bin/../lib/gcc/arm-atollic-eabi/6.3.1/armv7-m/crtbegin.o
 .ARM.attributes
                0x000000000000004a       0x33 Drivers/STM32F1xx_HAL_Driver/Src/stm32f1xx_hal.o
 .ARM.attributes
                0x000000000000007d       0x33 Drivers/STM32F1xx_HAL_Driver/Src/stm32f1xx_hal_adc.o
 .ARM.attributes
                0x00000000000000b0       0x33 Drivers/STM32F1xx_HAL_Driver/Src/stm32f1xx_hal_cortex.o
 .ARM.attributes
                0x00000000000000e3       0x33 Drivers/STM32F1xx_HAL_Driver/Src/stm32f1xx_hal_dma.o
 .ARM.attributes
                0x0000000000000116       0x33 Drivers/STM32F1xx_HAL_Driver/Src/stm32f1xx_hal_gpio.o
 .ARM.attributes
                0x0000000000000149       0x33 Drivers/STM32F1xx_HAL_Driver/Src/stm32f1xx_hal_pcd.o
 .ARM.attributes
                0x000000000000017c       0x33 Drivers/STM32F1xx_HAL_Driver/Src/stm32f1xx_hal_pcd_ex.o
 .ARM.attributes
                0x00000000000001af       0x33 Drivers/STM32F1xx_HAL_Driver/Src/stm32f1xx_hal_rcc.o
 .ARM.attributes
                0x00000000000001e2       0x33 Drivers/STM32F1xx_HAL_Driver/Src/stm32f1xx_hal_rcc_ex.o
 .ARM.attributes
                0x0000000000000215       0x33 Drivers/STM32F1xx_HAL_Driver/Src/stm32f1xx_hal_tim.o
 .ARM.attributes
                0x0000000000000248       0x33 Drivers/STM32F1xx_HAL_Driver/Src/stm32f1xx_hal_tim_ex.o
 .ARM.attributes
                0x000000000000027b       0x33 Drivers/STM32F1xx_HAL_Driver/Src/stm32f1xx_ll_usb.o
 .ARM.attributes
                0x00000000000002ae       0x33 Middlewares/ST/STM32_USB_Device_Library/Class/CDC/Src/usbd_cdc.o
 .ARM.attributes
                0x00000000000002e1       0x33 Middlewares/ST/STM32_USB_Device_Library/Core/Src/usbd_core.o
 .ARM.attributes
                0x0000000000000314       0x33 Middlewares/ST/STM32_USB_Device_Library/Core/Src/usbd_ctlreq.o
 .ARM.attributes
                0x0000000000000347       0x33 Middlewares/ST/STM32_USB_Device_Library/Core/Src/usbd_ioreq.o
 .ARM.attributes
                0x000000000000037a       0x33 Src/main.o
 .ARM.attributes
                0x00000000000003ad       0x33 Src/stm32f1xx_hal_msp.o
 .ARM.attributes
                0x00000000000003e0       0x33 Src/stm32f1xx_it.o
 .ARM.attributes
                0x0000000000000413       0x33 Src/system_stm32f1xx.o
 .ARM.attributes
                0x0000000000000446       0x33 Src/tb_adc_read.o
 .ARM.attributes
                0x0000000000000479       0x33 Src/usb_device.o
 .ARM.attributes
                0x00000000000004ac       0x33 Src/usbd_cdc_if.o
 .ARM.attributes
                0x00000000000004df       0x33 Src/usbd_conf.o
 .ARM.attributes
                0x0000000000000512       0x33 Src/usbd_desc.o
 .ARM.attributes
                0x0000000000000545       0x21 startup/startup_stm32f103xb.o
 .ARM.attributes
                0x0000000000000566       0x2d /opt/Atollic_TrueSTUDIO_for_STM32_x86_64_9.0.1/ARMTools/bin/../lib/gcc/arm-atollic-eabi/6.3.1/../../../../arm-atollic-eabi/lib/armv7-m/libc_nano.a(lib_a-init.o)
 .ARM.attributes
                0x0000000000000593       0x1d /opt/Atollic_TrueSTUDIO_for_STM32_x86_64_9.0.1/ARMTools/bin/../lib/gcc/arm-atollic-eabi/6.3.1/armv7-m/crtn.o
OUTPUT(tactilev2.elf elf32-littlearm)

.debug_info     0x0000000000000000    0x20dfd
 .debug_info    0x0000000000000000      0xfba Drivers/STM32F1xx_HAL_Driver/Src/stm32f1xx_hal.o
 .debug_info    0x0000000000000fba     0x165b Drivers/STM32F1xx_HAL_Driver/Src/stm32f1xx_hal_adc.o
 .debug_info    0x0000000000002615     0x1463 Drivers/STM32F1xx_HAL_Driver/Src/stm32f1xx_hal_cortex.o
 .debug_info    0x0000000000003a78     0x1001 Drivers/STM32F1xx_HAL_Driver/Src/stm32f1xx_hal_dma.o
 .debug_info    0x0000000000004a79      0xe7c Drivers/STM32F1xx_HAL_Driver/Src/stm32f1xx_hal_gpio.o
 .debug_info    0x00000000000058f5     0x1979 Drivers/STM32F1xx_HAL_Driver/Src/stm32f1xx_hal_pcd.o
 .debug_info    0x000000000000726e      0xdfd Drivers/STM32F1xx_HAL_Driver/Src/stm32f1xx_hal_pcd_ex.o
 .debug_info    0x000000000000806b     0x11f7 Drivers/STM32F1xx_HAL_Driver/Src/stm32f1xx_hal_rcc.o
 .debug_info    0x0000000000009262      0xc57 Drivers/STM32F1xx_HAL_Driver/Src/stm32f1xx_hal_rcc_ex.o
 .debug_info    0x0000000000009eb9     0x3b73 Drivers/STM32F1xx_HAL_Driver/Src/stm32f1xx_hal_tim.o
 .debug_info    0x000000000000da2c     0x1943 Drivers/STM32F1xx_HAL_Driver/Src/stm32f1xx_hal_tim_ex.o
 .debug_info    0x000000000000f36f     0x1700 Drivers/STM32F1xx_HAL_Driver/Src/stm32f1xx_ll_usb.o
 .debug_info    0x0000000000010a6f     0x14f6 Middlewares/ST/STM32_USB_Device_Library/Class/CDC/Src/usbd_cdc.o
 .debug_info    0x0000000000011f65     0x1466 Middlewares/ST/STM32_USB_Device_Library/Core/Src/usbd_core.o
 .debug_info    0x00000000000133cb     0x1499 Middlewares/ST/STM32_USB_Device_Library/Core/Src/usbd_ctlreq.o
 .debug_info    0x0000000000014864      0xfc5 Middlewares/ST/STM32_USB_Device_Library/Core/Src/usbd_ioreq.o
 .debug_info    0x0000000000015829     0x2168 Src/main.o
 .debug_info    0x0000000000017991     0x162b Src/stm32f1xx_hal_msp.o
 .debug_info    0x0000000000018fbc     0x1321 Src/stm32f1xx_it.o
 .debug_info    0x000000000001a2dd      0xc07 Src/system_stm32f1xx.o
 .debug_info    0x000000000001aee4     0x11ad Src/tb_adc_read.o
 .debug_info    0x000000000001c091      0xe80 Src/usb_device.o
 .debug_info    0x000000000001cf11     0x1090 Src/usbd_cdc_if.o
 .debug_info    0x000000000001dfa1     0x2060 Src/usbd_conf.o
 .debug_info    0x0000000000020001      0xd7a Src/usbd_desc.o
 .debug_info    0x0000000000020d7b       0x82 startup/startup_stm32f103xb.o

.debug_abbrev   0x0000000000000000     0x45d2
 .debug_abbrev  0x0000000000000000      0x308 Drivers/STM32F1xx_HAL_Driver/Src/stm32f1xx_hal.o
 .debug_abbrev  0x0000000000000308      0x2fb Drivers/STM32F1xx_HAL_Driver/Src/stm32f1xx_hal_adc.o
 .debug_abbrev  0x0000000000000603      0x399 Drivers/STM32F1xx_HAL_Driver/Src/stm32f1xx_hal_cortex.o
 .debug_abbrev  0x000000000000099c      0x29e Drivers/STM32F1xx_HAL_Driver/Src/stm32f1xx_hal_dma.o
 .debug_abbrev  0x0000000000000c3a      0x268 Drivers/STM32F1xx_HAL_Driver/Src/stm32f1xx_hal_gpio.o
 .debug_abbrev  0x0000000000000ea2      0x39a Drivers/STM32F1xx_HAL_Driver/Src/stm32f1xx_hal_pcd.o
 .debug_abbrev  0x000000000000123c      0x1f5 Drivers/STM32F1xx_HAL_Driver/Src/stm32f1xx_hal_pcd_ex.o
 .debug_abbrev  0x0000000000001431      0x367 Drivers/STM32F1xx_HAL_Driver/Src/stm32f1xx_hal_rcc.o
 .debug_abbrev  0x0000000000001798      0x277 Drivers/STM32F1xx_HAL_Driver/Src/stm32f1xx_hal_rcc_ex.o
 .debug_abbrev  0x0000000000001a0f      0x3bb Drivers/STM32F1xx_HAL_Driver/Src/stm32f1xx_hal_tim.o
 .debug_abbrev  0x0000000000001dca      0x30d Drivers/STM32F1xx_HAL_Driver/Src/stm32f1xx_hal_tim_ex.o
 .debug_abbrev  0x00000000000020d7      0x31c Drivers/STM32F1xx_HAL_Driver/Src/stm32f1xx_ll_usb.o
 .debug_abbrev  0x00000000000023f3      0x2e8 Middlewares/ST/STM32_USB_Device_Library/Class/CDC/Src/usbd_cdc.o
 .debug_abbrev  0x00000000000026db      0x308 Middlewares/ST/STM32_USB_Device_Library/Core/Src/usbd_core.o
 .debug_abbrev  0x00000000000029e3      0x3aa Middlewares/ST/STM32_USB_Device_Library/Core/Src/usbd_ctlreq.o
 .debug_abbrev  0x0000000000002d8d      0x1da Middlewares/ST/STM32_USB_Device_Library/Core/Src/usbd_ioreq.o
 .debug_abbrev  0x0000000000002f67      0x35d Src/main.o
 .debug_abbrev  0x00000000000032c4      0x24b Src/stm32f1xx_hal_msp.o
 .debug_abbrev  0x000000000000350f      0x256 Src/stm32f1xx_it.o
 .debug_abbrev  0x0000000000003765      0x1eb Src/system_stm32f1xx.o
 .debug_abbrev  0x0000000000003950      0x280 Src/tb_adc_read.o
 .debug_abbrev  0x0000000000003bd0      0x1e0 Src/usb_device.o
 .debug_abbrev  0x0000000000003db0      0x2ab Src/usbd_cdc_if.o
 .debug_abbrev  0x000000000000405b      0x2ea Src/usbd_conf.o
 .debug_abbrev  0x0000000000004345      0x27b Src/usbd_desc.o
 .debug_abbrev  0x00000000000045c0       0x12 startup/startup_stm32f103xb.o

.debug_loc      0x0000000000000000     0x9113
 .debug_loc     0x0000000000000000      0x11b Drivers/STM32F1xx_HAL_Driver/Src/stm32f1xx_hal.o
 .debug_loc     0x000000000000011b      0x873 Drivers/STM32F1xx_HAL_Driver/Src/stm32f1xx_hal_adc.o
 .debug_loc     0x000000000000098e      0x46b Drivers/STM32F1xx_HAL_Driver/Src/stm32f1xx_hal_cortex.o
 .debug_loc     0x0000000000000df9      0x5d1 Drivers/STM32F1xx_HAL_Driver/Src/stm32f1xx_hal_dma.o
 .debug_loc     0x00000000000013ca      0x36a Drivers/STM32F1xx_HAL_Driver/Src/stm32f1xx_hal_gpio.o
 .debug_loc     0x0000000000001734      0x995 Drivers/STM32F1xx_HAL_Driver/Src/stm32f1xx_hal_pcd.o
 .debug_loc     0x00000000000020c9       0xe0 Drivers/STM32F1xx_HAL_Driver/Src/stm32f1xx_hal_pcd_ex.o
 .debug_loc     0x00000000000021a9      0x4c3 Drivers/STM32F1xx_HAL_Driver/Src/stm32f1xx_hal_rcc.o
 .debug_loc     0x000000000000266c      0x29d Drivers/STM32F1xx_HAL_Driver/Src/stm32f1xx_hal_rcc_ex.o
 .debug_loc     0x0000000000002909     0x300c Drivers/STM32F1xx_HAL_Driver/Src/stm32f1xx_hal_tim.o
 .debug_loc     0x0000000000005915      0x822 Drivers/STM32F1xx_HAL_Driver/Src/stm32f1xx_hal_tim_ex.o
 .debug_loc     0x0000000000006137      0xb9c Drivers/STM32F1xx_HAL_Driver/Src/stm32f1xx_ll_usb.o
 .debug_loc     0x0000000000006cd3      0x4cf Middlewares/ST/STM32_USB_Device_Library/Class/CDC/Src/usbd_cdc.o
 .debug_loc     0x00000000000071a2      0x5f2 Middlewares/ST/STM32_USB_Device_Library/Core/Src/usbd_core.o
 .debug_loc     0x0000000000007794      0x7cd Middlewares/ST/STM32_USB_Device_Library/Core/Src/usbd_ctlreq.o
 .debug_loc     0x0000000000007f61      0x23c Middlewares/ST/STM32_USB_Device_Library/Core/Src/usbd_ioreq.o
 .debug_loc     0x000000000000819d       0x3e Src/main.o
 .debug_loc     0x00000000000081db       0xb0 Src/stm32f1xx_hal_msp.o
 .debug_loc     0x000000000000828b       0xcd Src/system_stm32f1xx.o
 .debug_loc     0x0000000000008358       0xd7 Src/tb_adc_read.o
 .debug_loc     0x000000000000842f      0x10c Src/usbd_cdc_if.o
 .debug_loc     0x000000000000853b      0x965 Src/usbd_conf.o
 .debug_loc     0x0000000000008ea0      0x273 Src/usbd_desc.o

.debug_aranges  0x0000000000000000      0xdb0
 .debug_aranges
                0x0000000000000000       0xc8 Drivers/STM32F1xx_HAL_Driver/Src/stm32f1xx_hal.o
 .debug_aranges
                0x00000000000000c8       0xc8 Drivers/STM32F1xx_HAL_Driver/Src/stm32f1xx_hal_adc.o
 .debug_aranges
                0x0000000000000190       0x90 Drivers/STM32F1xx_HAL_Driver/Src/stm32f1xx_hal_cortex.o
 .debug_aranges
                0x0000000000000220       0x78 Drivers/STM32F1xx_HAL_Driver/Src/stm32f1xx_hal_dma.o
 .debug_aranges
                0x0000000000000298       0x58 Drivers/STM32F1xx_HAL_Driver/Src/stm32f1xx_hal_gpio.o
 .debug_aranges
                0x00000000000002f0       0xc0 Drivers/STM32F1xx_HAL_Driver/Src/stm32f1xx_hal_pcd.o
 .debug_aranges
                0x00000000000003b0       0x28 Drivers/STM32F1xx_HAL_Driver/Src/stm32f1xx_hal_pcd_ex.o
 .debug_aranges
                0x00000000000003d8       0x88 Drivers/STM32F1xx_HAL_Driver/Src/stm32f1xx_hal_rcc.o
 .debug_aranges
                0x0000000000000460       0x30 Drivers/STM32F1xx_HAL_Driver/Src/stm32f1xx_hal_rcc_ex.o
 .debug_aranges
                0x0000000000000490      0x250 Drivers/STM32F1xx_HAL_Driver/Src/stm32f1xx_hal_tim.o
 .debug_aranges
                0x00000000000006e0       0xe8 Drivers/STM32F1xx_HAL_Driver/Src/stm32f1xx_hal_tim_ex.o
 .debug_aranges
                0x00000000000007c8       0xe0 Drivers/STM32F1xx_HAL_Driver/Src/stm32f1xx_ll_usb.o
 .debug_aranges
                0x00000000000008a8       0x90 Middlewares/ST/STM32_USB_Device_Library/Class/CDC/Src/usbd_cdc.o
 .debug_aranges
                0x0000000000000938       0xa8 Middlewares/ST/STM32_USB_Device_Library/Core/Src/usbd_core.o
 .debug_aranges
                0x00000000000009e0       0x50 Middlewares/ST/STM32_USB_Device_Library/Core/Src/usbd_ctlreq.o
 .debug_aranges
                0x0000000000000a30       0x50 Middlewares/ST/STM32_USB_Device_Library/Core/Src/usbd_ioreq.o
 .debug_aranges
                0x0000000000000a80       0x48 Src/main.o
 .debug_aranges
                0x0000000000000ac8       0x40 Src/stm32f1xx_hal_msp.o
 .debug_aranges
                0x0000000000000b08       0x60 Src/stm32f1xx_it.o
 .debug_aranges
                0x0000000000000b68       0x28 Src/system_stm32f1xx.o
 .debug_aranges
                0x0000000000000b90       0x38 Src/tb_adc_read.o
 .debug_aranges
                0x0000000000000bc8       0x20 Src/usb_device.o
 .debug_aranges
                0x0000000000000be8       0x40 Src/usbd_cdc_if.o
 .debug_aranges
                0x0000000000000c28      0x110 Src/usbd_conf.o
 .debug_aranges
                0x0000000000000d38       0x50 Src/usbd_desc.o
 .debug_aranges
                0x0000000000000d88       0x28 startup/startup_stm32f103xb.o

.debug_ranges   0x0000000000000000     0x1268
 .debug_ranges  0x0000000000000000       0xb8 Drivers/STM32F1xx_HAL_Driver/Src/stm32f1xx_hal.o
 .debug_ranges  0x00000000000000b8       0xb8 Drivers/STM32F1xx_HAL_Driver/Src/stm32f1xx_hal_adc.o
 .debug_ranges  0x0000000000000170      0x128 Drivers/STM32F1xx_HAL_Driver/Src/stm32f1xx_hal_cortex.o
 .debug_ranges  0x0000000000000298       0xa8 Drivers/STM32F1xx_HAL_Driver/Src/stm32f1xx_hal_dma.o
 .debug_ranges  0x0000000000000340       0x60 Drivers/STM32F1xx_HAL_Driver/Src/stm32f1xx_hal_gpio.o
 .debug_ranges  0x00000000000003a0      0x118 Drivers/STM32F1xx_HAL_Driver/Src/stm32f1xx_hal_pcd.o
 .debug_ranges  0x00000000000004b8       0x18 Drivers/STM32F1xx_HAL_Driver/Src/stm32f1xx_hal_pcd_ex.o
 .debug_ranges  0x00000000000004d0       0xa0 Drivers/STM32F1xx_HAL_Driver/Src/stm32f1xx_hal_rcc.o
 .debug_ranges  0x0000000000000570       0x40 Drivers/STM32F1xx_HAL_Driver/Src/stm32f1xx_hal_rcc_ex.o
 .debug_ranges  0x00000000000005b0      0x340 Drivers/STM32F1xx_HAL_Driver/Src/stm32f1xx_hal_tim.o
 .debug_ranges  0x00000000000008f0       0xd8 Drivers/STM32F1xx_HAL_Driver/Src/stm32f1xx_hal_tim_ex.o
 .debug_ranges  0x00000000000009c8      0x260 Drivers/STM32F1xx_HAL_Driver/Src/stm32f1xx_ll_usb.o
 .debug_ranges  0x0000000000000c28       0x80 Middlewares/ST/STM32_USB_Device_Library/Class/CDC/Src/usbd_cdc.o
 .debug_ranges  0x0000000000000ca8       0x98 Middlewares/ST/STM32_USB_Device_Library/Core/Src/usbd_core.o
 .debug_ranges  0x0000000000000d40       0xc0 Middlewares/ST/STM32_USB_Device_Library/Core/Src/usbd_ctlreq.o
 .debug_ranges  0x0000000000000e00       0x40 Middlewares/ST/STM32_USB_Device_Library/Core/Src/usbd_ioreq.o
 .debug_ranges  0x0000000000000e40      0x138 Src/main.o
 .debug_ranges  0x0000000000000f78       0x98 Src/stm32f1xx_hal_msp.o
 .debug_ranges  0x0000000000001010       0x50 Src/stm32f1xx_it.o
 .debug_ranges  0x0000000000001060       0x18 Src/system_stm32f1xx.o
 .debug_ranges  0x0000000000001078       0x28 Src/tb_adc_read.o
 .debug_ranges  0x00000000000010a0       0x10 Src/usb_device.o
 .debug_ranges  0x00000000000010b0       0x30 Src/usbd_cdc_if.o
 .debug_ranges  0x00000000000010e0      0x128 Src/usbd_conf.o
 .debug_ranges  0x0000000000001208       0x40 Src/usbd_desc.o
 .debug_ranges  0x0000000000001248       0x20 startup/startup_stm32f103xb.o

.debug_line     0x0000000000000000     0x809b
 .debug_line    0x0000000000000000      0x43e Drivers/STM32F1xx_HAL_Driver/Src/stm32f1xx_hal.o
 .debug_line    0x000000000000043e      0x84b Drivers/STM32F1xx_HAL_Driver/Src/stm32f1xx_hal_adc.o
 .debug_line    0x0000000000000c89      0x411 Drivers/STM32F1xx_HAL_Driver/Src/stm32f1xx_hal_cortex.o
 .debug_line    0x000000000000109a      0x678 Drivers/STM32F1xx_HAL_Driver/Src/stm32f1xx_hal_dma.o
 .debug_line    0x0000000000001712      0x42a Drivers/STM32F1xx_HAL_Driver/Src/stm32f1xx_hal_gpio.o
 .debug_line    0x0000000000001b3c      0x6ce Drivers/STM32F1xx_HAL_Driver/Src/stm32f1xx_hal_pcd.o
 .debug_line    0x000000000000220a      0x2cb Drivers/STM32F1xx_HAL_Driver/Src/stm32f1xx_hal_pcd_ex.o
 .debug_line    0x00000000000024d5      0x612 Drivers/STM32F1xx_HAL_Driver/Src/stm32f1xx_hal_rcc.o
 .debug_line    0x0000000000002ae7      0x3ab Drivers/STM32F1xx_HAL_Driver/Src/stm32f1xx_hal_rcc_ex.o
 .debug_line    0x0000000000002e92     0x112b Drivers/STM32F1xx_HAL_Driver/Src/stm32f1xx_hal_tim.o
 .debug_line    0x0000000000003fbd      0x6cd Drivers/STM32F1xx_HAL_Driver/Src/stm32f1xx_hal_tim_ex.o
 .debug_line    0x000000000000468a      0x5f4 Drivers/STM32F1xx_HAL_Driver/Src/stm32f1xx_ll_usb.o
 .debug_line    0x0000000000004c7e      0x4e0 Middlewares/ST/STM32_USB_Device_Library/Class/CDC/Src/usbd_cdc.o
 .debug_line    0x000000000000515e      0x4ca Middlewares/ST/STM32_USB_Device_Library/Core/Src/usbd_core.o
 .debug_line    0x0000000000005628      0x44a Middlewares/ST/STM32_USB_Device_Library/Core/Src/usbd_ctlreq.o
 .debug_line    0x0000000000005a72      0x360 Middlewares/ST/STM32_USB_Device_Library/Core/Src/usbd_ioreq.o
 .debug_line    0x0000000000005dd2      0x5d2 Src/main.o
 .debug_line    0x00000000000063a4      0x37b Src/stm32f1xx_hal_msp.o
 .debug_line    0x000000000000671f      0x36a Src/stm32f1xx_it.o
 .debug_line    0x0000000000006a89      0x267 Src/system_stm32f1xx.o
 .debug_line    0x0000000000006cf0      0x335 Src/tb_adc_read.o
 .debug_line    0x0000000000007025      0x33b Src/usb_device.o
 .debug_line    0x0000000000007360      0x35b Src/usbd_cdc_if.o
 .debug_line    0x00000000000076bb      0x623 Src/usbd_conf.o
 .debug_line    0x0000000000007cde      0x340 Src/usbd_desc.o
 .debug_line    0x000000000000801e       0x7d startup/startup_stm32f103xb.o

.debug_str      0x0000000000000000     0x497f
 .debug_str     0x0000000000000000      0xbd1 Drivers/STM32F1xx_HAL_Driver/Src/stm32f1xx_hal.o
                                        0xc78 (size before relaxing)
 .debug_str     0x0000000000000bd1      0x668 Drivers/STM32F1xx_HAL_Driver/Src/stm32f1xx_hal_adc.o
                                        0xd1a (size before relaxing)
 .debug_str     0x0000000000001239      0x2e1 Drivers/STM32F1xx_HAL_Driver/Src/stm32f1xx_hal_cortex.o
                                        0xd26 (size before relaxing)
 .debug_str     0x000000000000151a      0x220 Drivers/STM32F1xx_HAL_Driver/Src/stm32f1xx_hal_dma.o
                                        0xa8a (size before relaxing)
 .debug_str     0x000000000000173a      0x1c4 Drivers/STM32F1xx_HAL_Driver/Src/stm32f1xx_hal_gpio.o
                                        0x893 (size before relaxing)
 .debug_str     0x00000000000018fe      0x797 Drivers/STM32F1xx_HAL_Driver/Src/stm32f1xx_hal_pcd.o
                                        0xe8d (size before relaxing)
 .debug_str     0x0000000000002095       0x57 Drivers/STM32F1xx_HAL_Driver/Src/stm32f1xx_hal_pcd_ex.o
                                        0x9b8 (size before relaxing)
 .debug_str     0x00000000000020ec      0x317 Drivers/STM32F1xx_HAL_Driver/Src/stm32f1xx_hal_rcc.o
                                        0xa71 (size before relaxing)
 .debug_str     0x0000000000002403      0x110 Drivers/STM32F1xx_HAL_Driver/Src/stm32f1xx_hal_rcc_ex.o
                                        0x84e (size before relaxing)
 .debug_str     0x0000000000002513      0xf05 Drivers/STM32F1xx_HAL_Driver/Src/stm32f1xx_hal_tim.o
                                       0x17c2 (size before relaxing)
 .debug_str     0x0000000000003418      0x4f1 Drivers/STM32F1xx_HAL_Driver/Src/stm32f1xx_hal_tim_ex.o
                                       0x1064 (size before relaxing)
 .debug_str     0x0000000000003909      0x155 Drivers/STM32F1xx_HAL_Driver/Src/stm32f1xx_ll_usb.o
                                        0xb8b (size before relaxing)
 .debug_str     0x0000000000003a5e      0x64f Middlewares/ST/STM32_USB_Device_Library/Class/CDC/Src/usbd_cdc.o
                                        0xd37 (size before relaxing)
 .debug_str     0x00000000000040ad      0x2a0 Middlewares/ST/STM32_USB_Device_Library/Core/Src/usbd_core.o
                                        0xca9 (size before relaxing)
 .debug_str     0x000000000000434d      0x12e Middlewares/ST/STM32_USB_Device_Library/Core/Src/usbd_ctlreq.o
                                        0xbc3 (size before relaxing)
 .debug_str     0x000000000000447b       0x51 Middlewares/ST/STM32_USB_Device_Library/Core/Src/usbd_ioreq.o
                                        0xaf0 (size before relaxing)
 .debug_str     0x00000000000044cc      0x12f Src/main.o
                                       0x1746 (size before relaxing)
 .debug_str     0x00000000000045fb       0x25 Src/stm32f1xx_hal_msp.o
                                        0xfae (size before relaxing)
 .debug_str     0x0000000000004620       0xf6 Src/stm32f1xx_it.o
                                        0xde0 (size before relaxing)
 .debug_str     0x0000000000004716       0x4d Src/system_stm32f1xx.o
                                        0x6fc (size before relaxing)
 .debug_str     0x0000000000004763       0x49 Src/tb_adc_read.o
                                        0xa77 (size before relaxing)
 .debug_str     0x00000000000047ac       0x14 Src/usb_device.o
                                        0xa89 (size before relaxing)
 .debug_str     0x00000000000047c0       0x6b Src/usbd_cdc_if.o
                                        0xb83 (size before relaxing)
 .debug_str     0x000000000000482b       0x46 Src/usbd_conf.o
                                       0x158a (size before relaxing)
 .debug_str     0x0000000000004871      0x10e Src/usbd_desc.o
                                        0x864 (size before relaxing)

.comment        0x0000000000000000       0x7c
 .comment       0x0000000000000000       0x7c Drivers/STM32F1xx_HAL_Driver/Src/stm32f1xx_hal.o
                                         0x7d (size before relaxing)
 .comment       0x000000000000007c       0x7d Drivers/STM32F1xx_HAL_Driver/Src/stm32f1xx_hal_adc.o
 .comment       0x000000000000007c       0x7d Drivers/STM32F1xx_HAL_Driver/Src/stm32f1xx_hal_cortex.o
 .comment       0x000000000000007c       0x7d Drivers/STM32F1xx_HAL_Driver/Src/stm32f1xx_hal_dma.o
 .comment       0x000000000000007c       0x7d Drivers/STM32F1xx_HAL_Driver/Src/stm32f1xx_hal_gpio.o
 .comment       0x000000000000007c       0x7d Drivers/STM32F1xx_HAL_Driver/Src/stm32f1xx_hal_pcd.o
 .comment       0x000000000000007c       0x7d Drivers/STM32F1xx_HAL_Driver/Src/stm32f1xx_hal_pcd_ex.o
 .comment       0x000000000000007c       0x7d Drivers/STM32F1xx_HAL_Driver/Src/stm32f1xx_hal_rcc.o
 .comment       0x000000000000007c       0x7d Drivers/STM32F1xx_HAL_Driver/Src/stm32f1xx_hal_rcc_ex.o
 .comment       0x000000000000007c       0x7d Drivers/STM32F1xx_HAL_Driver/Src/stm32f1xx_hal_tim.o
 .comment       0x000000000000007c       0x7d Drivers/STM32F1xx_HAL_Driver/Src/stm32f1xx_hal_tim_ex.o
 .comment       0x000000000000007c       0x7d Drivers/STM32F1xx_HAL_Driver/Src/stm32f1xx_ll_usb.o
 .comment       0x000000000000007c       0x7d Middlewares/ST/STM32_USB_Device_Library/Class/CDC/Src/usbd_cdc.o
 .comment       0x000000000000007c       0x7d Middlewares/ST/STM32_USB_Device_Library/Core/Src/usbd_core.o
 .comment       0x000000000000007c       0x7d Middlewares/ST/STM32_USB_Device_Library/Core/Src/usbd_ctlreq.o
 .comment       0x000000000000007c       0x7d Middlewares/ST/STM32_USB_Device_Library/Core/Src/usbd_ioreq.o
 .comment       0x000000000000007c       0x7d Src/main.o
 .comment       0x000000000000007c       0x7d Src/stm32f1xx_hal_msp.o
 .comment       0x000000000000007c       0x7d Src/stm32f1xx_it.o
 .comment       0x000000000000007c       0x7d Src/system_stm32f1xx.o
 .comment       0x000000000000007c       0x7d Src/tb_adc_read.o
 .comment       0x000000000000007c       0x7d Src/usb_device.o
 .comment       0x000000000000007c       0x7d Src/usbd_cdc_if.o
 .comment       0x000000000000007c       0x7d Src/usbd_conf.o
 .comment       0x000000000000007c       0x7d Src/usbd_desc.o

.debug_frame    0x0000000000000000     0x2554
 .debug_frame   0x0000000000000000      0x1b0 Drivers/STM32F1xx_HAL_Driver/Src/stm32f1xx_hal.o
 .debug_frame   0x00000000000001b0      0x298 Drivers/STM32F1xx_HAL_Driver/Src/stm32f1xx_hal_adc.o
 .debug_frame   0x0000000000000448      0x120 Drivers/STM32F1xx_HAL_Driver/Src/stm32f1xx_hal_cortex.o
 .debug_frame   0x0000000000000568      0x144 Drivers/STM32F1xx_HAL_Driver/Src/stm32f1xx_hal_dma.o
 .debug_frame   0x00000000000006ac       0xd4 Drivers/STM32F1xx_HAL_Driver/Src/stm32f1xx_hal_gpio.o
 .debug_frame   0x0000000000000780      0x2c4 Drivers/STM32F1xx_HAL_Driver/Src/stm32f1xx_hal_pcd.o
 .debug_frame   0x0000000000000a44       0x30 Drivers/STM32F1xx_HAL_Driver/Src/stm32f1xx_hal_pcd_ex.o
 .debug_frame   0x0000000000000a74      0x150 Drivers/STM32F1xx_HAL_Driver/Src/stm32f1xx_hal_rcc.o
 .debug_frame   0x0000000000000bc4       0x6c Drivers/STM32F1xx_HAL_Driver/Src/stm32f1xx_hal_rcc_ex.o
 .debug_frame   0x0000000000000c30      0x854 Drivers/STM32F1xx_HAL_Driver/Src/stm32f1xx_hal_tim.o
 .debug_frame   0x0000000000001484      0x320 Drivers/STM32F1xx_HAL_Driver/Src/stm32f1xx_hal_tim_ex.o
 .debug_frame   0x00000000000017a4      0x22c Drivers/STM32F1xx_HAL_Driver/Src/stm32f1xx_ll_usb.o
 .debug_frame   0x00000000000019d0      0x14c Middlewares/ST/STM32_USB_Device_Library/Class/CDC/Src/usbd_cdc.o
 .debug_frame   0x0000000000001b1c      0x1c0 Middlewares/ST/STM32_USB_Device_Library/Core/Src/usbd_core.o
 .debug_frame   0x0000000000001cdc       0xcc Middlewares/ST/STM32_USB_Device_Library/Core/Src/usbd_ctlreq.o
 .debug_frame   0x0000000000001da8       0xb8 Middlewares/ST/STM32_USB_Device_Library/Core/Src/usbd_ioreq.o
 .debug_frame   0x0000000000001e60       0xa8 Src/main.o
 .debug_frame   0x0000000000001f08       0x94 Src/stm32f1xx_hal_msp.o
 .debug_frame   0x0000000000001f9c       0xf4 Src/stm32f1xx_it.o
 .debug_frame   0x0000000000002090       0x30 Src/system_stm32f1xx.o
 .debug_frame   0x00000000000020c0       0x90 Src/tb_adc_read.o
 .debug_frame   0x0000000000002150       0x2c Src/usb_device.o
 .debug_frame   0x000000000000217c       0x80 Src/usbd_cdc_if.o
 .debug_frame   0x00000000000021fc      0x284 Src/usbd_conf.o
 .debug_frame   0x0000000000002480       0xa8 Src/usbd_desc.o
 .debug_frame   0x0000000000002528       0x2c /opt/Atollic_TrueSTUDIO_for_STM32_x86_64_9.0.1/ARMTools/bin/../lib/gcc/arm-atollic-eabi/6.3.1/../../../../arm-atollic-eabi/lib/armv7-m/libc_nano.a(lib_a-init.o)
